../Drivers/API/Src/DFR0928.c:88:13:DFR0928_Select	8	static
../Drivers/API/Src/DFR0928.c:92:6:DFR0928_Unselect	8	static
../Drivers/API/Src/DFR0928.c:96:13:DFR0928_Reset	8	static
../Drivers/API/Src/DFR0928.c:102:13:DFR0928_WriteCommand	16	static
../Drivers/API/Src/DFR0928.c:107:13:DFR0928_WriteData	16	static
../Drivers/API/Src/DFR0928.c:112:13:DFR0928_ExecuteCommandList	32	static
../Drivers/API/Src/DFR0928.c:138:13:DFR0928_SetAddressWindow	32	static
../Drivers/API/Src/DFR0928.c:154:6:DFR0928_Init	8	static
../Drivers/API/Src/DFR0928.c:163:6:DFR0928_DrawPixel	32	static
../Drivers/API/Src/DFR0928.c:176:13:DFR0928_WriteChar	48	static
../Drivers/API/Src/DFR0928.c:212:6:DFR0928_WriteString	48	static
../Drivers/API/Src/DFR0928.c:238:6:DFR0928_FillRectangle	32	static
../Drivers/API/Src/DFR0928.c:258:6:DFR0928_FillRectangleFast	32	static
../Drivers/API/Src/DFR0928.c:281:6:DFR0928_FillScreen	24	static
../Drivers/API/Src/DFR0928.c:285:6:DFR0928_FillScreenFast	24	static
../Drivers/API/Src/DFR0928.c:289:6:DFR0928_DrawImage	24	static
../Drivers/API/Src/DFR0928.c:300:6:DFR0928_InvertColors	16	static
../Drivers/API/Src/DFR0928.c:306:6:DFR0928_SetGamma	16	static
../Drivers/API/Src/DFR0928.c:314:6:ShowWelcomeScreen	24	static
../Drivers/API/Src/DFR0928.c:323:6:ShowCircleScreen	8	static
